// Jest Snapshot v1, https://goo.gl/fbAQLP

exports[`simple: src/index.ts 1`] = `
"export * from './types';
export * from './actions';
export * from './formatters';
export { init, setAuthCookie, APIClientErrorKind, APIClientError } from './utils';
"
`;
